<?xml version="1.0" encoding="utf-8"?>
<TestRun id="c69f49d9-28ff-4664-93b0-597c906b4abf" name="@jenkins-agent-nemlogin3-maven-dotnet-h251p 2023-01-19 10:46:02" xmlns="http://microsoft.com/schemas/VisualStudio/TeamTest/2010">
  <Times creation="2023-01-19T10:46:02.8628254+00:00" queuing="2023-01-19T10:46:02.8628256+00:00" start="2023-01-19T10:45:58.4318683+00:00" finish="2023-01-19T10:46:06.8699015+00:00" />
  <TestSettings name="default" id="e9169496-dd57-4046-969d-8e730bb351f8">
    <Deployment runDeploymentRoot="_jenkins-agent-nemlogin3-maven-dotnet-h251p_2023-01-19_10_46_02" />
  </TestSettings>
  <Results>
    <UnitTestResult executionId="9111604a-5c87-4e58-b938-b70d44038928" testId="2a2815dd-3ff6-ffb1-50de-ac32d538d904" testName="NemloginSigningTest.SigningPayloadTests.TransformAllToFormatsTheory(file: &quot;./Resources/SignersDocuments/petersen2017120113.ht&quot;...)" computerName="jenkins-agent-nemlogin3-maven-dotnet-h251p" duration="00:00:00.5886494" startTime="2023-01-19T10:46:05.1950558+00:00" endTime="2023-01-19T10:46:05.1950588+00:00" testType="13cdc9d9-ddb5-4fa4-a97d-d965ccfc6d4b" outcome="Passed" testListId="8c84fa94-04c1-424b-9868-57a2d4851a1d" relativeResultsDirectory="9111604a-5c87-4e58-b938-b70d44038928" />
    <UnitTestResult executionId="66580412-0cc3-43f9-a9e9-e552f4db6a88" testId="0bb1f12a-31a8-14ea-ffb9-36002140d874" testName="NemloginSigningTest.SigningPayloadTests.TransformAllToFormatsTheory(file: &quot;./Resources/SignersDocuments/petersen2017120113.pd&quot;...)" computerName="jenkins-agent-nemlogin3-maven-dotnet-h251p" duration="00:00:00.1760917" startTime="2023-01-19T10:46:04.6051202+00:00" endTime="2023-01-19T10:46:04.6051254+00:00" testType="13cdc9d9-ddb5-4fa4-a97d-d965ccfc6d4b" outcome="Passed" testListId="8c84fa94-04c1-424b-9868-57a2d4851a1d" relativeResultsDirectory="66580412-0cc3-43f9-a9e9-e552f4db6a88" />
    <UnitTestResult executionId="bb211342-ceb3-43a9-8866-4a9cb411ab16" testId="f7481429-44de-4f44-b3b7-fbf9827aef4a" testName="NemloginSigningTest.SignatureParameterSigningTests.SignatureParametersForBrokerFlowShouldValidateCorrect" computerName="jenkins-agent-nemlogin3-maven-dotnet-h251p" duration="00:00:00.0014836" startTime="2023-01-19T10:46:02.2060144+00:00" endTime="2023-01-19T10:46:02.2060154+00:00" testType="13cdc9d9-ddb5-4fa4-a97d-d965ccfc6d4b" outcome="Passed" testListId="8c84fa94-04c1-424b-9868-57a2d4851a1d" relativeResultsDirectory="bb211342-ceb3-43a9-8866-4a9cb411ab16" />
    <UnitTestResult executionId="bdc43633-8e68-4f42-96ff-121b65501885" testId="3e185b3b-9d1e-ae63-ffe6-d8bf38ce2f38" testName="NemloginSigningTest.SigningPayloadTests.TransformAllToFormatsTheory(file: &quot;./Resources/SignersDocuments/heiberg2002011324.htm&quot;...)" computerName="jenkins-agent-nemlogin3-maven-dotnet-h251p" duration="00:00:00.7889408" startTime="2023-01-19T10:46:06.7549205+00:00" endTime="2023-01-19T10:46:06.7549326+00:00" testType="13cdc9d9-ddb5-4fa4-a97d-d965ccfc6d4b" outcome="Passed" testListId="8c84fa94-04c1-424b-9868-57a2d4851a1d" relativeResultsDirectory="bdc43633-8e68-4f42-96ff-121b65501885" />
    <UnitTestResult executionId="e666c953-24d6-435c-90de-53d40d5e6272" testId="a9be7dc8-36b6-4fc0-c451-ff6ccc6d4352" testName="NemloginSigningTest.SigningPayloadTests.TransformAllToFormatsTheory(file: &quot;./Resources/SignersDocuments/heiberg2002011324.pdf&quot;)" computerName="jenkins-agent-nemlogin3-maven-dotnet-h251p" duration="00:00:01.1096444" startTime="2023-01-19T10:46:02.8244078+00:00" endTime="2023-01-19T10:46:02.8244082+00:00" testType="13cdc9d9-ddb5-4fa4-a97d-d965ccfc6d4b" outcome="Passed" testListId="8c84fa94-04c1-424b-9868-57a2d4851a1d" relativeResultsDirectory="e666c953-24d6-435c-90de-53d40d5e6272" />
    <UnitTestResult executionId="5719f0ff-d3f0-42c1-b02d-83914f54d4ca" testId="1318b73b-484b-fc68-f131-3b3d50acdc59" testName="NemloginSigningTest.SigningPayloadTests.TransformAllToFormatsTheory(file: &quot;./Resources/SignersDocuments/heiberg2002011324.xml&quot;)" computerName="jenkins-agent-nemlogin3-maven-dotnet-h251p" duration="00:00:00.9644761" startTime="2023-01-19T10:46:04.4277003+00:00" endTime="2023-01-19T10:46:04.4277177+00:00" testType="13cdc9d9-ddb5-4fa4-a97d-d965ccfc6d4b" outcome="Passed" testListId="8c84fa94-04c1-424b-9868-57a2d4851a1d" relativeResultsDirectory="5719f0ff-d3f0-42c1-b02d-83914f54d4ca" />
    <UnitTestResult executionId="81dc8300-189b-4a2f-baf1-2757864bf3bf" testId="e7230ab7-d5c8-6907-59ce-4ee0d8089255" testName="NemloginSigningTest.SignatureParameterSigningTests.SigningOfSigningParameters" computerName="jenkins-agent-nemlogin3-maven-dotnet-h251p" duration="00:00:00.1074170" startTime="2023-01-19T10:46:02.1920387+00:00" endTime="2023-01-19T10:46:02.1920971+00:00" testType="13cdc9d9-ddb5-4fa4-a97d-d965ccfc6d4b" outcome="Passed" testListId="8c84fa94-04c1-424b-9868-57a2d4851a1d" relativeResultsDirectory="81dc8300-189b-4a2f-baf1-2757864bf3bf" />
    <UnitTestResult executionId="86f6aa2c-69c0-4438-863b-fa59d201510e" testId="0f5401e3-1f81-8a46-0452-fc3689880521" testName="NemloginSigningTest.SigningPayloadTests.TransformAllToFormatsTheory(file: &quot;./Resources/SignersDocuments/petersen2017120113.xm&quot;...)" computerName="jenkins-agent-nemlogin3-maven-dotnet-h251p" duration="00:00:00.7702717" startTime="2023-01-19T10:46:05.9653774+00:00" endTime="2023-01-19T10:46:05.9653812+00:00" testType="13cdc9d9-ddb5-4fa4-a97d-d965ccfc6d4b" outcome="Passed" testListId="8c84fa94-04c1-424b-9868-57a2d4851a1d" relativeResultsDirectory="86f6aa2c-69c0-4438-863b-fa59d201510e" />
    <UnitTestResult executionId="6095dc8a-b22f-40af-ae50-b149173ac29f" testId="7560a499-0d81-486e-aed3-cc0ca4ee7b80" testName="NemloginSigningTest.SigningPayloadTests.TransformAllToFormatsTheory(file: &quot;./Resources/SignersDocuments/petersen2017120113.tx&quot;...)" computerName="jenkins-agent-nemlogin3-maven-dotnet-h251p" duration="00:00:00.2290579" startTime="2023-01-19T10:46:03.4626434+00:00" endTime="2023-01-19T10:46:03.4626814+00:00" testType="13cdc9d9-ddb5-4fa4-a97d-d965ccfc6d4b" outcome="Passed" testListId="8c84fa94-04c1-424b-9868-57a2d4851a1d" relativeResultsDirectory="6095dc8a-b22f-40af-ae50-b149173ac29f" />
    <UnitTestResult executionId="a82c3cc3-cafd-462e-b04e-c0f06721e6f1" testId="c8c0e3a3-ddee-bf85-8a0f-f28db69c6670" testName="NemloginSigningTest.PDFTransformationPropertiesTest.ColorProfileDefaultTest" computerName="jenkins-agent-nemlogin3-maven-dotnet-h251p" duration="00:00:00.0048948" startTime="2023-01-19T10:46:02.6097438+00:00" endTime="2023-01-19T10:46:02.6097443+00:00" testType="13cdc9d9-ddb5-4fa4-a97d-d965ccfc6d4b" outcome="Passed" testListId="8c84fa94-04c1-424b-9868-57a2d4851a1d" relativeResultsDirectory="a82c3cc3-cafd-462e-b04e-c0f06721e6f1" />
    <UnitTestResult executionId="8c3b38d0-c93a-4568-8708-6ac41ed13b06" testId="dfd16896-fe48-5681-3a34-e28e07316cf5" testName="NemloginSigningTest.WebAppTests.TestNemloginSigningWebAppConfiguration" computerName="jenkins-agent-nemlogin3-maven-dotnet-h251p" duration="00:00:00.9629382" startTime="2023-01-19T10:46:02.6773628+00:00" endTime="2023-01-19T10:46:02.6773634+00:00" testType="13cdc9d9-ddb5-4fa4-a97d-d965ccfc6d4b" outcome="Passed" testListId="8c84fa94-04c1-424b-9868-57a2d4851a1d" relativeResultsDirectory="8c3b38d0-c93a-4568-8708-6ac41ed13b06" />
    <UnitTestResult executionId="0b019e1b-83b1-4c26-a2f7-65409007bb4c" testId="df6933df-3a51-55b1-36c6-a37efab98c14" testName="NemloginSigningTest.PDFTransformationPropertiesTest.ColorProfileSpecificTest" computerName="jenkins-agent-nemlogin3-maven-dotnet-h251p" duration="00:00:00.0028880" startTime="2023-01-19T10:46:02.6157223+00:00" endTime="2023-01-19T10:46:02.6157229+00:00" testType="13cdc9d9-ddb5-4fa4-a97d-d965ccfc6d4b" outcome="Passed" testListId="8c84fa94-04c1-424b-9868-57a2d4851a1d" relativeResultsDirectory="0b019e1b-83b1-4c26-a2f7-65409007bb4c" />
    <UnitTestResult executionId="1090b6d1-922d-4282-a07d-5c908b34dc31" testId="a9f500b2-5c22-350e-1580-5c9011a7e2fa" testName="NemloginSigningTest.PDFTransformationPropertiesTest.FontHandlingTest" computerName="jenkins-agent-nemlogin3-maven-dotnet-h251p" duration="00:00:00.4071537" startTime="2023-01-19T10:46:02.6049151+00:00" endTime="2023-01-19T10:46:02.6049159+00:00" testType="13cdc9d9-ddb5-4fa4-a97d-d965ccfc6d4b" outcome="Passed" testListId="8c84fa94-04c1-424b-9868-57a2d4851a1d" relativeResultsDirectory="1090b6d1-922d-4282-a07d-5c908b34dc31" />
    <UnitTestResult executionId="145577a6-96ac-415c-9d68-6a781671c62b" testId="565604af-e058-1882-c1aa-3d1e7a4d6913" testName="NemloginSigningTest.PDFTransformationPropertiesTest.ColorProfileNoneTest" computerName="jenkins-agent-nemlogin3-maven-dotnet-h251p" duration="00:00:00.0028172" startTime="2023-01-19T10:46:02.6127208+00:00" endTime="2023-01-19T10:46:02.6127216+00:00" testType="13cdc9d9-ddb5-4fa4-a97d-d965ccfc6d4b" outcome="Passed" testListId="8c84fa94-04c1-424b-9868-57a2d4851a1d" relativeResultsDirectory="145577a6-96ac-415c-9d68-6a781671c62b" />
    <UnitTestResult executionId="b1c40fce-0827-45cf-9335-e9c225ac4154" testId="19b400c0-f34d-c770-65b4-6cf66d71626d" testName="NemloginSigningTest.SigningPayloadTests.TransformAllToFormatsTheory(file: &quot;./Resources/SignersDocuments/heiberg2002011324.txt&quot;)" computerName="jenkins-agent-nemlogin3-maven-dotnet-h251p" duration="00:00:00.4083627" startTime="2023-01-19T10:46:03.2327777+00:00" endTime="2023-01-19T10:46:03.2327785+00:00" testType="13cdc9d9-ddb5-4fa4-a97d-d965ccfc6d4b" outcome="Passed" testListId="8c84fa94-04c1-424b-9868-57a2d4851a1d" relativeResultsDirectory="b1c40fce-0827-45cf-9335-e9c225ac4154" />
    <UnitTestResult executionId="d370bb15-4446-4876-8453-1992689a087a" testId="aba0ca56-a2b4-b3f2-4479-2b1e106abe01" testName="NemloginSigningTest.PDFTransformationPropertiesTest.PageSizeAndMarginTest" computerName="jenkins-agent-nemlogin3-maven-dotnet-h251p" duration="00:00:00.0374865" startTime="2023-01-19T10:46:02.6546759+00:00" endTime="2023-01-19T10:46:02.6546772+00:00" testType="13cdc9d9-ddb5-4fa4-a97d-d965ccfc6d4b" outcome="Passed" testListId="8c84fa94-04c1-424b-9868-57a2d4851a1d" relativeResultsDirectory="d370bb15-4446-4876-8453-1992689a087a" />
  </Results>
  <TestDefinitions>
    <UnitTest name="NemloginSigningTest.SigningPayloadTests.TransformAllToFormatsTheory(file: &quot;./Resources/SignersDocuments/petersen2017120113.tx&quot;...)" storage="/tmp/workspace/build-signsdk-dotnet_master-742533au4ulzryke7hy77d37ucoj2dlqpifxmvyhnxhpgu7ivbka/test/nemloginsigningtest/bin/release/netcoreapp3.1/nemloginsigningtest.dll" id="7560a499-0d81-486e-aed3-cc0ca4ee7b80">
      <Execution id="6095dc8a-b22f-40af-ae50-b149173ac29f" />
      <TestMethod codeBase="/tmp/workspace/build-SignSDK-dotNET_master-742533AU4ULZRYKE7HY77D37UCOJ2DLQPIFXMVYHNXHPGU7IVBKA/test/NemLoginSigningTest/bin/Release/netcoreapp3.1/NemLoginSigningTest.dll" adapterTypeName="executor://xunit/VsTestRunner2/netcoreapp" className="NemloginSigningTest.SigningPayloadTests" name="TransformAllToFormatsTheory" />
    </UnitTest>
    <UnitTest name="NemloginSigningTest.PDFTransformationPropertiesTest.PageSizeAndMarginTest" storage="/tmp/workspace/build-signsdk-dotnet_master-742533au4ulzryke7hy77d37ucoj2dlqpifxmvyhnxhpgu7ivbka/test/nemloginsigningtest/bin/release/netcoreapp3.1/nemloginsigningtest.dll" id="aba0ca56-a2b4-b3f2-4479-2b1e106abe01">
      <Execution id="d370bb15-4446-4876-8453-1992689a087a" />
      <TestMethod codeBase="/tmp/workspace/build-SignSDK-dotNET_master-742533AU4ULZRYKE7HY77D37UCOJ2DLQPIFXMVYHNXHPGU7IVBKA/test/NemLoginSigningTest/bin/Release/netcoreapp3.1/NemLoginSigningTest.dll" adapterTypeName="executor://xunit/VsTestRunner2/netcoreapp" className="NemloginSigningTest.PDFTransformationPropertiesTest" name="PageSizeAndMarginTest" />
    </UnitTest>
    <UnitTest name="NemloginSigningTest.PDFTransformationPropertiesTest.ColorProfileSpecificTest" storage="/tmp/workspace/build-signsdk-dotnet_master-742533au4ulzryke7hy77d37ucoj2dlqpifxmvyhnxhpgu7ivbka/test/nemloginsigningtest/bin/release/netcoreapp3.1/nemloginsigningtest.dll" id="df6933df-3a51-55b1-36c6-a37efab98c14">
      <Execution id="0b019e1b-83b1-4c26-a2f7-65409007bb4c" />
      <TestMethod codeBase="/tmp/workspace/build-SignSDK-dotNET_master-742533AU4ULZRYKE7HY77D37UCOJ2DLQPIFXMVYHNXHPGU7IVBKA/test/NemLoginSigningTest/bin/Release/netcoreapp3.1/NemLoginSigningTest.dll" adapterTypeName="executor://xunit/VsTestRunner2/netcoreapp" className="NemloginSigningTest.PDFTransformationPropertiesTest" name="ColorProfileSpecificTest" />
    </UnitTest>
    <UnitTest name="NemloginSigningTest.PDFTransformationPropertiesTest.ColorProfileNoneTest" storage="/tmp/workspace/build-signsdk-dotnet_master-742533au4ulzryke7hy77d37ucoj2dlqpifxmvyhnxhpgu7ivbka/test/nemloginsigningtest/bin/release/netcoreapp3.1/nemloginsigningtest.dll" id="565604af-e058-1882-c1aa-3d1e7a4d6913">
      <Execution id="145577a6-96ac-415c-9d68-6a781671c62b" />
      <TestMethod codeBase="/tmp/workspace/build-SignSDK-dotNET_master-742533AU4ULZRYKE7HY77D37UCOJ2DLQPIFXMVYHNXHPGU7IVBKA/test/NemLoginSigningTest/bin/Release/netcoreapp3.1/NemLoginSigningTest.dll" adapterTypeName="executor://xunit/VsTestRunner2/netcoreapp" className="NemloginSigningTest.PDFTransformationPropertiesTest" name="ColorProfileNoneTest" />
    </UnitTest>
    <UnitTest name="NemloginSigningTest.SignatureParameterSigningTests.SigningOfSigningParameters" storage="/tmp/workspace/build-signsdk-dotnet_master-742533au4ulzryke7hy77d37ucoj2dlqpifxmvyhnxhpgu7ivbka/test/nemloginsigningtest/bin/release/netcoreapp3.1/nemloginsigningtest.dll" id="e7230ab7-d5c8-6907-59ce-4ee0d8089255">
      <Execution id="81dc8300-189b-4a2f-baf1-2757864bf3bf" />
      <TestMethod codeBase="/tmp/workspace/build-SignSDK-dotNET_master-742533AU4ULZRYKE7HY77D37UCOJ2DLQPIFXMVYHNXHPGU7IVBKA/test/NemLoginSigningTest/bin/Release/netcoreapp3.1/NemLoginSigningTest.dll" adapterTypeName="executor://xunit/VsTestRunner2/netcoreapp" className="NemloginSigningTest.SignatureParameterSigningTests" name="SigningOfSigningParameters" />
    </UnitTest>
    <UnitTest name="NemloginSigningTest.SignatureParameterSigningTests.SignatureParametersForBrokerFlowShouldValidateCorrect" storage="/tmp/workspace/build-signsdk-dotnet_master-742533au4ulzryke7hy77d37ucoj2dlqpifxmvyhnxhpgu7ivbka/test/nemloginsigningtest/bin/release/netcoreapp3.1/nemloginsigningtest.dll" id="f7481429-44de-4f44-b3b7-fbf9827aef4a">
      <Execution id="bb211342-ceb3-43a9-8866-4a9cb411ab16" />
      <TestMethod codeBase="/tmp/workspace/build-SignSDK-dotNET_master-742533AU4ULZRYKE7HY77D37UCOJ2DLQPIFXMVYHNXHPGU7IVBKA/test/NemLoginSigningTest/bin/Release/netcoreapp3.1/NemLoginSigningTest.dll" adapterTypeName="executor://xunit/VsTestRunner2/netcoreapp" className="NemloginSigningTest.SignatureParameterSigningTests" name="SignatureParametersForBrokerFlowShouldValidateCorrect" />
    </UnitTest>
    <UnitTest name="NemloginSigningTest.WebAppTests.TestNemloginSigningWebAppConfiguration" storage="/tmp/workspace/build-signsdk-dotnet_master-742533au4ulzryke7hy77d37ucoj2dlqpifxmvyhnxhpgu7ivbka/test/nemloginsigningtest/bin/release/netcoreapp3.1/nemloginsigningtest.dll" id="dfd16896-fe48-5681-3a34-e28e07316cf5">
      <Execution id="8c3b38d0-c93a-4568-8708-6ac41ed13b06" />
      <TestMethod codeBase="/tmp/workspace/build-SignSDK-dotNET_master-742533AU4ULZRYKE7HY77D37UCOJ2DLQPIFXMVYHNXHPGU7IVBKA/test/NemLoginSigningTest/bin/Release/netcoreapp3.1/NemLoginSigningTest.dll" adapterTypeName="executor://xunit/VsTestRunner2/netcoreapp" className="NemloginSigningTest.WebAppTests" name="TestNemloginSigningWebAppConfiguration" />
    </UnitTest>
    <UnitTest name="NemloginSigningTest.SigningPayloadTests.TransformAllToFormatsTheory(file: &quot;./Resources/SignersDocuments/heiberg2002011324.xml&quot;)" storage="/tmp/workspace/build-signsdk-dotnet_master-742533au4ulzryke7hy77d37ucoj2dlqpifxmvyhnxhpgu7ivbka/test/nemloginsigningtest/bin/release/netcoreapp3.1/nemloginsigningtest.dll" id="1318b73b-484b-fc68-f131-3b3d50acdc59">
      <Execution id="5719f0ff-d3f0-42c1-b02d-83914f54d4ca" />
      <TestMethod codeBase="/tmp/workspace/build-SignSDK-dotNET_master-742533AU4ULZRYKE7HY77D37UCOJ2DLQPIFXMVYHNXHPGU7IVBKA/test/NemLoginSigningTest/bin/Release/netcoreapp3.1/NemLoginSigningTest.dll" adapterTypeName="executor://xunit/VsTestRunner2/netcoreapp" className="NemloginSigningTest.SigningPayloadTests" name="TransformAllToFormatsTheory" />
    </UnitTest>
    <UnitTest name="NemloginSigningTest.SigningPayloadTests.TransformAllToFormatsTheory(file: &quot;./Resources/SignersDocuments/heiberg2002011324.pdf&quot;)" storage="/tmp/workspace/build-signsdk-dotnet_master-742533au4ulzryke7hy77d37ucoj2dlqpifxmvyhnxhpgu7ivbka/test/nemloginsigningtest/bin/release/netcoreapp3.1/nemloginsigningtest.dll" id="a9be7dc8-36b6-4fc0-c451-ff6ccc6d4352">
      <Execution id="e666c953-24d6-435c-90de-53d40d5e6272" />
      <TestMethod codeBase="/tmp/workspace/build-SignSDK-dotNET_master-742533AU4ULZRYKE7HY77D37UCOJ2DLQPIFXMVYHNXHPGU7IVBKA/test/NemLoginSigningTest/bin/Release/netcoreapp3.1/NemLoginSigningTest.dll" adapterTypeName="executor://xunit/VsTestRunner2/netcoreapp" className="NemloginSigningTest.SigningPayloadTests" name="TransformAllToFormatsTheory" />
    </UnitTest>
    <UnitTest name="NemloginSigningTest.SigningPayloadTests.TransformAllToFormatsTheory(file: &quot;./Resources/SignersDocuments/petersen2017120113.ht&quot;...)" storage="/tmp/workspace/build-signsdk-dotnet_master-742533au4ulzryke7hy77d37ucoj2dlqpifxmvyhnxhpgu7ivbka/test/nemloginsigningtest/bin/release/netcoreapp3.1/nemloginsigningtest.dll" id="2a2815dd-3ff6-ffb1-50de-ac32d538d904">
      <Execution id="9111604a-5c87-4e58-b938-b70d44038928" />
      <TestMethod codeBase="/tmp/workspace/build-SignSDK-dotNET_master-742533AU4ULZRYKE7HY77D37UCOJ2DLQPIFXMVYHNXHPGU7IVBKA/test/NemLoginSigningTest/bin/Release/netcoreapp3.1/NemLoginSigningTest.dll" adapterTypeName="executor://xunit/VsTestRunner2/netcoreapp" className="NemloginSigningTest.SigningPayloadTests" name="TransformAllToFormatsTheory" />
    </UnitTest>
    <UnitTest name="NemloginSigningTest.SigningPayloadTests.TransformAllToFormatsTheory(file: &quot;./Resources/SignersDocuments/petersen2017120113.pd&quot;...)" storage="/tmp/workspace/build-signsdk-dotnet_master-742533au4ulzryke7hy77d37ucoj2dlqpifxmvyhnxhpgu7ivbka/test/nemloginsigningtest/bin/release/netcoreapp3.1/nemloginsigningtest.dll" id="0bb1f12a-31a8-14ea-ffb9-36002140d874">
      <Execution id="66580412-0cc3-43f9-a9e9-e552f4db6a88" />
      <TestMethod codeBase="/tmp/workspace/build-SignSDK-dotNET_master-742533AU4ULZRYKE7HY77D37UCOJ2DLQPIFXMVYHNXHPGU7IVBKA/test/NemLoginSigningTest/bin/Release/netcoreapp3.1/NemLoginSigningTest.dll" adapterTypeName="executor://xunit/VsTestRunner2/netcoreapp" className="NemloginSigningTest.SigningPayloadTests" name="TransformAllToFormatsTheory" />
    </UnitTest>
    <UnitTest name="NemloginSigningTest.SigningPayloadTests.TransformAllToFormatsTheory(file: &quot;./Resources/SignersDocuments/heiberg2002011324.htm&quot;...)" storage="/tmp/workspace/build-signsdk-dotnet_master-742533au4ulzryke7hy77d37ucoj2dlqpifxmvyhnxhpgu7ivbka/test/nemloginsigningtest/bin/release/netcoreapp3.1/nemloginsigningtest.dll" id="3e185b3b-9d1e-ae63-ffe6-d8bf38ce2f38">
      <Execution id="bdc43633-8e68-4f42-96ff-121b65501885" />
      <TestMethod codeBase="/tmp/workspace/build-SignSDK-dotNET_master-742533AU4ULZRYKE7HY77D37UCOJ2DLQPIFXMVYHNXHPGU7IVBKA/test/NemLoginSigningTest/bin/Release/netcoreapp3.1/NemLoginSigningTest.dll" adapterTypeName="executor://xunit/VsTestRunner2/netcoreapp" className="NemloginSigningTest.SigningPayloadTests" name="TransformAllToFormatsTheory" />
    </UnitTest>
    <UnitTest name="NemloginSigningTest.SigningPayloadTests.TransformAllToFormatsTheory(file: &quot;./Resources/SignersDocuments/petersen2017120113.xm&quot;...)" storage="/tmp/workspace/build-signsdk-dotnet_master-742533au4ulzryke7hy77d37ucoj2dlqpifxmvyhnxhpgu7ivbka/test/nemloginsigningtest/bin/release/netcoreapp3.1/nemloginsigningtest.dll" id="0f5401e3-1f81-8a46-0452-fc3689880521">
      <Execution id="86f6aa2c-69c0-4438-863b-fa59d201510e" />
      <TestMethod codeBase="/tmp/workspace/build-SignSDK-dotNET_master-742533AU4ULZRYKE7HY77D37UCOJ2DLQPIFXMVYHNXHPGU7IVBKA/test/NemLoginSigningTest/bin/Release/netcoreapp3.1/NemLoginSigningTest.dll" adapterTypeName="executor://xunit/VsTestRunner2/netcoreapp" className="NemloginSigningTest.SigningPayloadTests" name="TransformAllToFormatsTheory" />
    </UnitTest>
    <UnitTest name="NemloginSigningTest.SigningPayloadTests.TransformAllToFormatsTheory(file: &quot;./Resources/SignersDocuments/heiberg2002011324.txt&quot;)" storage="/tmp/workspace/build-signsdk-dotnet_master-742533au4ulzryke7hy77d37ucoj2dlqpifxmvyhnxhpgu7ivbka/test/nemloginsigningtest/bin/release/netcoreapp3.1/nemloginsigningtest.dll" id="19b400c0-f34d-c770-65b4-6cf66d71626d">
      <Execution id="b1c40fce-0827-45cf-9335-e9c225ac4154" />
      <TestMethod codeBase="/tmp/workspace/build-SignSDK-dotNET_master-742533AU4ULZRYKE7HY77D37UCOJ2DLQPIFXMVYHNXHPGU7IVBKA/test/NemLoginSigningTest/bin/Release/netcoreapp3.1/NemLoginSigningTest.dll" adapterTypeName="executor://xunit/VsTestRunner2/netcoreapp" className="NemloginSigningTest.SigningPayloadTests" name="TransformAllToFormatsTheory" />
    </UnitTest>
    <UnitTest name="NemloginSigningTest.PDFTransformationPropertiesTest.FontHandlingTest" storage="/tmp/workspace/build-signsdk-dotnet_master-742533au4ulzryke7hy77d37ucoj2dlqpifxmvyhnxhpgu7ivbka/test/nemloginsigningtest/bin/release/netcoreapp3.1/nemloginsigningtest.dll" id="a9f500b2-5c22-350e-1580-5c9011a7e2fa">
      <Execution id="1090b6d1-922d-4282-a07d-5c908b34dc31" />
      <TestMethod codeBase="/tmp/workspace/build-SignSDK-dotNET_master-742533AU4ULZRYKE7HY77D37UCOJ2DLQPIFXMVYHNXHPGU7IVBKA/test/NemLoginSigningTest/bin/Release/netcoreapp3.1/NemLoginSigningTest.dll" adapterTypeName="executor://xunit/VsTestRunner2/netcoreapp" className="NemloginSigningTest.PDFTransformationPropertiesTest" name="FontHandlingTest" />
    </UnitTest>
    <UnitTest name="NemloginSigningTest.PDFTransformationPropertiesTest.ColorProfileDefaultTest" storage="/tmp/workspace/build-signsdk-dotnet_master-742533au4ulzryke7hy77d37ucoj2dlqpifxmvyhnxhpgu7ivbka/test/nemloginsigningtest/bin/release/netcoreapp3.1/nemloginsigningtest.dll" id="c8c0e3a3-ddee-bf85-8a0f-f28db69c6670">
      <Execution id="a82c3cc3-cafd-462e-b04e-c0f06721e6f1" />
      <TestMethod codeBase="/tmp/workspace/build-SignSDK-dotNET_master-742533AU4ULZRYKE7HY77D37UCOJ2DLQPIFXMVYHNXHPGU7IVBKA/test/NemLoginSigningTest/bin/Release/netcoreapp3.1/NemLoginSigningTest.dll" adapterTypeName="executor://xunit/VsTestRunner2/netcoreapp" className="NemloginSigningTest.PDFTransformationPropertiesTest" name="ColorProfileDefaultTest" />
    </UnitTest>
  </TestDefinitions>
  <TestEntries>
    <TestEntry testId="2a2815dd-3ff6-ffb1-50de-ac32d538d904" executionId="9111604a-5c87-4e58-b938-b70d44038928" testListId="8c84fa94-04c1-424b-9868-57a2d4851a1d" />
    <TestEntry testId="0bb1f12a-31a8-14ea-ffb9-36002140d874" executionId="66580412-0cc3-43f9-a9e9-e552f4db6a88" testListId="8c84fa94-04c1-424b-9868-57a2d4851a1d" />
    <TestEntry testId="f7481429-44de-4f44-b3b7-fbf9827aef4a" executionId="bb211342-ceb3-43a9-8866-4a9cb411ab16" testListId="8c84fa94-04c1-424b-9868-57a2d4851a1d" />
    <TestEntry testId="3e185b3b-9d1e-ae63-ffe6-d8bf38ce2f38" executionId="bdc43633-8e68-4f42-96ff-121b65501885" testListId="8c84fa94-04c1-424b-9868-57a2d4851a1d" />
    <TestEntry testId="a9be7dc8-36b6-4fc0-c451-ff6ccc6d4352" executionId="e666c953-24d6-435c-90de-53d40d5e6272" testListId="8c84fa94-04c1-424b-9868-57a2d4851a1d" />
    <TestEntry testId="1318b73b-484b-fc68-f131-3b3d50acdc59" executionId="5719f0ff-d3f0-42c1-b02d-83914f54d4ca" testListId="8c84fa94-04c1-424b-9868-57a2d4851a1d" />
    <TestEntry testId="e7230ab7-d5c8-6907-59ce-4ee0d8089255" executionId="81dc8300-189b-4a2f-baf1-2757864bf3bf" testListId="8c84fa94-04c1-424b-9868-57a2d4851a1d" />
    <TestEntry testId="0f5401e3-1f81-8a46-0452-fc3689880521" executionId="86f6aa2c-69c0-4438-863b-fa59d201510e" testListId="8c84fa94-04c1-424b-9868-57a2d4851a1d" />
    <TestEntry testId="7560a499-0d81-486e-aed3-cc0ca4ee7b80" executionId="6095dc8a-b22f-40af-ae50-b149173ac29f" testListId="8c84fa94-04c1-424b-9868-57a2d4851a1d" />
    <TestEntry testId="c8c0e3a3-ddee-bf85-8a0f-f28db69c6670" executionId="a82c3cc3-cafd-462e-b04e-c0f06721e6f1" testListId="8c84fa94-04c1-424b-9868-57a2d4851a1d" />
    <TestEntry testId="dfd16896-fe48-5681-3a34-e28e07316cf5" executionId="8c3b38d0-c93a-4568-8708-6ac41ed13b06" testListId="8c84fa94-04c1-424b-9868-57a2d4851a1d" />
    <TestEntry testId="df6933df-3a51-55b1-36c6-a37efab98c14" executionId="0b019e1b-83b1-4c26-a2f7-65409007bb4c" testListId="8c84fa94-04c1-424b-9868-57a2d4851a1d" />
    <TestEntry testId="a9f500b2-5c22-350e-1580-5c9011a7e2fa" executionId="1090b6d1-922d-4282-a07d-5c908b34dc31" testListId="8c84fa94-04c1-424b-9868-57a2d4851a1d" />
    <TestEntry testId="565604af-e058-1882-c1aa-3d1e7a4d6913" executionId="145577a6-96ac-415c-9d68-6a781671c62b" testListId="8c84fa94-04c1-424b-9868-57a2d4851a1d" />
    <TestEntry testId="19b400c0-f34d-c770-65b4-6cf66d71626d" executionId="b1c40fce-0827-45cf-9335-e9c225ac4154" testListId="8c84fa94-04c1-424b-9868-57a2d4851a1d" />
    <TestEntry testId="aba0ca56-a2b4-b3f2-4479-2b1e106abe01" executionId="d370bb15-4446-4876-8453-1992689a087a" testListId="8c84fa94-04c1-424b-9868-57a2d4851a1d" />
  </TestEntries>
  <TestLists>
    <TestList name="Results Not in a List" id="8c84fa94-04c1-424b-9868-57a2d4851a1d" />
    <TestList name="All Loaded Results" id="19431567-8539-422a-85d7-44ee4e166bda" />
  </TestLists>
  <ResultSummary outcome="Completed">
    <Counters total="16" executed="16" passed="16" failed="0" error="0" timeout="0" aborted="0" inconclusive="0" passedButRunAborted="0" notRunnable="0" notExecuted="0" disconnected="0" warning="0" completed="0" inProgress="0" pending="0" />
    <Output>
      <StdOut>[xUnit.net 00:00:00.00] xUnit.net VSTest Adapter v2.4.0 (64-bit .NET Core 3.1.21)
[xUnit.net 00:00:01.99]   Discovering: NemLoginSigningTest
[xUnit.net 00:00:02.07]   Discovered:  NemLoginSigningTest
[xUnit.net 00:00:02.07]   Starting:    NemLoginSigningTest
[xUnit.net 00:00:07.20]   Finished:    NemLoginSigningTest
</StdOut>
    </Output>
  </ResultSummary>
</TestRun>